{
  "timestamp": "2026-08-04 01:41:46.313271",
  "device_info": {
    "serial_number": "AD8ANVQwUBggOTNO",
    "model": "0",
    "git_hash": "c37aeed0e617c2bbb261b592f16ef0d44f491e14",
    "git_dirty": false,
    "git_timestamp": 1769045816,
    "uuid": "8dac3607-39a3-4583-98e3-b5529a748892"
  },
  "calibration": {
    "offset": -3,
    "sign": -1,
    "polarity": 0,
    "phase_invert": 0
  },
  "winding_resistance": 1.1453046646588525,
  "inductance": 0.0006318601746363546,
  "inductance_d": null,
  "inductance_q": null,
  "inductance_d_scale": 0.0,
  "pid_dq_kp": 0.7940189130934141,
  "pid_q_kp": 0.7940189130934141,
  "pid_dq_ki": 1439.232288245749,
  "torque_bw_hz": 200.0,
  "encoder_filter_bw_hz": 200.0,
  "encoder_filter_kp": 1013.4169850289654,
  "encoder_filter_ki": 256753.49638629958,
  "kv": 187.0,
  "unwrapped_position_scale": 0.002632,
  "motor_position_output_sign": 1.0,
  "abi_version": 269,
  "voltage_mode_control": false,
  "py_version": "1.0.0"
}
